[azzle.netlify.app/index.html]
[backblue.gif]
[fade.gif]
[index.html]
[azzle.netlify.app/assets/img/favicon.png]
[azzle.netlify.app/assets/fonts/fonts.css]
[azzle.netlify.app/assets/css/vendors/swiper-bundle.min.css]
[azzle.netlify.app/assets/css/vendors/jos.css]
[azzle.netlify.app/assets/css/vendors/menu.css]
[azzle.netlify.app/assets/css/custom.css]
[azzle.netlify.app/assets/css/style.css]
[azzle.netlify.app/assets/img/logo-dark.png]
[azzle.netlify.app/index-2.html]
[azzle.netlify.app/index-3.html]
[azzle.netlify.app/index-4.html]
[azzle.netlify.app/about.html]
[azzle.netlify.app/services.html]
[azzle.netlify.app/service-details.html]
[azzle.netlify.app/blog.html]
[azzle.netlify.app/blog-details.html]
[azzle.netlify.app/teams.html]
[azzle.netlify.app/team-details.html]
[azzle.netlify.app/faq.html]
[azzle.netlify.app/faq-2.html]
[azzle.netlify.app/portfolio.html]
[azzle.netlify.app/portfolio-details.html]
[azzle.netlify.app/pricing.html]
[azzle.netlify.app/error-404.html]
[azzle.netlify.app/login.html]
[azzle.netlify.app/signup.html]
[azzle.netlify.app/reset-password.html]
[azzle.netlify.app/contact.html]
[azzle.netlify.app/assets/img/th-1/hero-dashboard.jpg]
[azzle.netlify.app/assets/img/th-1/brand-1.png]
[azzle.netlify.app/assets/img/th-1/brand-2.png]
[azzle.netlify.app/assets/img/th-1/brand-3.png]
[azzle.netlify.app/assets/img/th-1/brand-4.png]
[azzle.netlify.app/assets/img/th-1/brand-5.png]
[azzle.netlify.app/assets/img/th-1/service-icon-black-4.svg]
[azzle.netlify.app/assets/img/th-1/service-icon-orange-4.svg]
[azzle.netlify.app/assets/img/th-1/content-image-1.jpg]
[azzle.netlify.app/assets/img/th-1/content-image-2.jpg]
[azzle.netlify.app/assets/img/th-1/funfact-image.jpg]
[azzle.netlify.app/assets/img/th-1/rating.svg]
[azzle.netlify.app/assets/img/th-1/testimonial-img-1.jpg]
[azzle.netlify.app/assets/img/th-1/testimonial-img-2.jpg]
[azzle.netlify.app/assets/img/th-1/testimonial-img-3.jpg]
[azzle.netlify.app/assets/img/th-1/testimonial-img-4.jpg]
[azzle.netlify.app/assets/img/th-1/testimonial-img-5.jpg]
[azzle.netlify.app/assets/img/th-1/testimonial-img-6.jpg]
[azzle.netlify.app/assets/img/th-1/footer-text-slider-icon.svg]
[azzle.netlify.app/assets/img/th-1/logo.png]
[azzle.netlify.app/assets/js/vendors/counterup.js]
[azzle.netlify.app/assets/js/vendors/swiper-bundle.min.js]
[azzle.netlify.app/assets/js/vendors/fslightbox.js]
[azzle.netlify.app/assets/js/vendors/jos.min.js]
[azzle.netlify.app/assets/js/vendors/menu.js]
[azzle.netlify.app/index.html]
[azzle.netlify.app/assets/js/main.js]
[azzle.netlify.app/assets/fonts/Inter-Black.woff2]
[azzle.netlify.app/assets/fonts/Inter-Black.woff]
[azzle.netlify.app/assets/fonts/Inter-Black.ttf]
[azzle.netlify.app/assets/fonts/Inter-Bold.woff2]
[azzle.netlify.app/assets/fonts/Inter-Bold.woff]
[azzle.netlify.app/assets/fonts/Inter-Bold.ttf]
[azzle.netlify.app/assets/fonts/Inter-ExtraBold.woff2]
[azzle.netlify.app/assets/fonts/Inter-ExtraBold.woff]
[azzle.netlify.app/assets/fonts/Inter-ExtraBold.ttf]
[azzle.netlify.app/assets/fonts/Inter-Medium.woff2]
[azzle.netlify.app/assets/fonts/Inter-Medium.woff]
[azzle.netlify.app/assets/fonts/Inter-Medium.ttf]
[azzle.netlify.app/assets/fonts/Inter-ExtraLight.woff2]
[azzle.netlify.app/assets/fonts/Inter-ExtraLight.woff]
[azzle.netlify.app/assets/fonts/Inter-ExtraLight.ttf]
[azzle.netlify.app/assets/fonts/Inter-Light.woff2]
[azzle.netlify.app/assets/fonts/Inter-Light.woff]
[azzle.netlify.app/assets/fonts/Inter-Light.ttf]
[azzle.netlify.app/assets/fonts/Inter-Regular.woff2]
[azzle.netlify.app/assets/fonts/Inter-Regular.woff]
[azzle.netlify.app/assets/fonts/Inter-Regular.ttf]
[azzle.netlify.app/assets/fonts/Inter-Thin.woff2]
[azzle.netlify.app/assets/fonts/Inter-Thin.ttf]
[azzle.netlify.app/assets/fonts/Inter-Thin.woff]
[azzle.netlify.app/assets/fonts/Inter-SemiBold.woff2]
[azzle.netlify.app/assets/fonts/Inter-SemiBold.ttf]
[azzle.netlify.app/assets/fonts/DMSans-Bold.woff2]
[azzle.netlify.app/assets/fonts/Inter-SemiBold.woff]
[azzle.netlify.app/assets/fonts/DMSans-Bold.woff]
[azzle.netlify.app/assets/fonts/DMSans-Bold.ttf]
[azzle.netlify.app/assets/fonts/ClashDisplay-Medium.woff2]
[azzle.netlify.app/assets/fonts/ClashDisplay-Medium.woff]
[azzle.netlify.app/assets/fonts/ClashDisplay-Medium.ttf]
[azzle.netlify.app/assets/fonts/Raleway-Bold.woff2]
[azzle.netlify.app/assets/fonts/Raleway-Bold.ttf]
[azzle.netlify.app/assets/fonts/Raleway-Bold.woff]
[azzle.netlify.app/assets/fonts/SpaceGrotesk-Bold.woff2]
[azzle.netlify.app/assets/fonts/SpaceGrotesk-Bold.woff]
[azzle.netlify.app/assets/fonts/SpaceGrotesk-Bold.ttf]
[azzle.netlify.app/assets/fonts/fonts.css]
[azzle.netlify.app/assets/css/vendors/swiper-bundle.min.css]
[azzle.netlify.app/assets/css/vendors/jos.css]
[azzle.netlify.app/assets/css/vendors/menu.css]
[azzle.netlify.app/assets/css/custom.css]
[azzle.netlify.app/assets/img/th-2/content-shape.jpg]
[azzle.netlify.app/assets/img/th-4/hero-bg.jpg]
[azzle.netlify.app/assets/img/th-1/404-text-image.jpg]
[azzle.netlify.app/assets/css/style.css]
[azzle.netlify.app/assets/img/icon-black-long-arrow-right.svg]
[azzle.netlify.app/assets/img/icon-black-cheveron-right.svg]
[azzle.netlify.app/assets/img/logo-light.png]
[azzle.netlify.app/assets/img/th-2/hero-img-2.png]
[azzle.netlify.app/assets/img/th-2/icon-feature-1.svg]
[azzle.netlify.app/assets/img/th-2/icon-feature-2.svg]
[azzle.netlify.app/assets/img/th-2/icon-feature-3.svg]
[azzle.netlify.app/img/th-2/content-shape.77.delayed]
[azzle.netlify.app/assets/img/th-2/th2-content-img-1.png]
[azzle.netlify.app/assets/img/th-2/th2-content-img-2.png]
[azzle.netlify.app/assets/img/th-2/th2-content-img-3.png]
[azzle.netlify.app/assets/img/th-2/icon-flat-color-discord.svg]
[azzle.netlify.app/assets/img/th-2/icon-flat-color-github.svg]
[azzle.netlify.app/assets/img/th-2/icon-flat-color-mailchamp.svg]
[azzle.netlify.app/assets/img/th-2/icon-flat-color-messenger.svg]
[azzle.netlify.app/assets/img/th-2/icon-flat-color-skype.svg]
[azzle.netlify.app/assets/img/th-2/icon-flat-color-slack.svg]
[azzle.netlify.app/assets/img/th-2/icon-flat-color-snapchat.svg]
[azzle.netlify.app/assets/img/th-2/icon-flat-color-whatsapp.svg]
[azzle.netlify.app/assets/img/th-2/icon-flat-color-zendesk.svg]
[azzle.netlify.app/assets/img/th-2/testimonial-user-img-1.jpg]
[azzle.netlify.app/assets/img/th-1/blog-main-1.jpg]
[azzle.netlify.app/assets/img/th-1/blog-main-2.jpg]
[azzle.netlify.app/assets/img/th-1/blog-main-3.jpg]
[azzle.netlify.app/assets/img/th-1/twitter-icon-white.svg]
[azzle.netlify.app/assets/img/th-1/instagram-icon-white.svg]
[azzle.netlify.app/index-2.html]
[azzle.netlify.app/assets/img/th-3/hero-img.jpg]
[azzle.netlify.app/assets/img/th-3/icon-black-promo-1.svg]
[azzle.netlify.app/assets/img/th-3/icon-black-promo-2.svg]
[azzle.netlify.app/assets/img/th-3/icon-black-promo-3.svg]
[azzle.netlify.app/assets/img/th-3/content-img-1.jpg]
[azzle.netlify.app/assets/img/th-3/icon-black-work-process-1.svg]
[azzle.netlify.app/assets/img/th-3/icon-black-work-process-2.svg]
[azzle.netlify.app/assets/img/th-3/icon-black-work-process-3.svg]
[azzle.netlify.app/assets/img/th-3/icon-black-work-process-4.svg]
[azzle.netlify.app/assets/img/th-3/icon-black-work-process-5.svg]
[azzle.netlify.app/assets/img/th-3/content-img-2.jpg]
[azzle.netlify.app/assets/img/th-1/team-member-img-1.jpg]
[azzle.netlify.app/assets/img/th-1/twitter-icon-black.svg]
[azzle.netlify.app/assets/img/th-1/instagram-icon-black.svg]
[azzle.netlify.app/assets/img/th-1/team-member-img-2.jpg]
[azzle.netlify.app/assets/img/th-1/team-member-img-3.jpg]
[azzle.netlify.app/assets/img/th-3/review-star.svg]
[azzle.netlify.app/assets/img/th-1/blog-main-4.jpg]
[azzle.netlify.app/index-3.html]
[azzle.netlify.app/assets/img/th-4/icon-green-badge-check.svg]
[azzle.netlify.app/assets/img/th-4/icon-green-promo-1.svg]
[azzle.netlify.app/assets/img/th-4/icon-green-promo-2.svg]
[azzle.netlify.app/assets/img/th-4/icon-green-promo-3.svg]
[azzle.netlify.app/assets/img/th-4/content-img-1.jpg]
[azzle.netlify.app/assets/img/th-4/content-img-2.jpg]
[azzle.netlify.app/assets/img/th-4/icon-green-service-1.svg]
[azzle.netlify.app/assets/img/th-4/icon-green-service-2.svg]
[azzle.netlify.app/assets/img/th-4/icon-green-service-3.svg]
[azzle.netlify.app/assets/img/th-4/icon-green-service-4.svg]
[azzle.netlify.app/assets/img/th-4/icon-green-service-5.svg]
[azzle.netlify.app/assets/img/th-4/icon-green-service-6.svg]
[azzle.netlify.app/assets/img/th-4/video-bg-image.jpg]
[azzle.netlify.app/assets/img/th-4/icon-green-process-accordion-1.svg]
[azzle.netlify.app/assets/img/th-4/icon-green-process-accordion-2.svg]
[azzle.netlify.app/assets/img/th-4/icon-green-process-accordion-3.svg]
[azzle.netlify.app/assets/img/th-4/icon-green-rating.svg]
[azzle.netlify.app/index-4.html]
[azzle.netlify.app/assets/img/th-1/about-hero-image.jpg]
[azzle.netlify.app/assets/img/th-1/about-image.png]
[azzle.netlify.app/assets/img/th-1/team-member-img-4.jpg]
[azzle.netlify.app/assets/img/th-1/team-member-img-5.jpg]
[azzle.netlify.app/assets/img/th-1/team-member-img-6.jpg]
[azzle.netlify.app/assets/img/th-1/about-contact-img.jpg]
[azzle.netlify.app/about.html]
[azzle.netlify.app/assets/img/th-1/service-icon-black-5.svg]
[azzle.netlify.app/assets/img/th-1/service-icon-orange-5.svg]
[azzle.netlify.app/assets/img/th-1/service-icon-black-8.svg]
[azzle.netlify.app/assets/img/th-1/service-icon-orange-8.svg]
[azzle.netlify.app/services.html]
[azzle.netlify.app/assets/img/th-1/cog-icon.svg]
[azzle.netlify.app/assets/img/th-1/content-image-4.jpg]
[azzle.netlify.app/service-details.html]
[azzle.netlify.app/assets/img/th-1/blog-main-5.jpg]
[azzle.netlify.app/assets/img/th-1/blog-main-6.jpg]
[azzle.netlify.app/assets/img/th-1/blog-recent-img-1.jpg]
[azzle.netlify.app/assets/img/th-1/blog-recent-img-2.jpg]
[azzle.netlify.app/assets/img/th-1/blog-recent-img-3.jpg]
[azzle.netlify.app/blog.html]
[azzle.netlify.app/assets/img/th-1/blog-inner-image.jpg]
[azzle.netlify.app/assets/img/th-1/blog-comment-large-user-img-1.jpg]
[azzle.netlify.app/assets/img/th-1/blog-comment-small-user-img-1.jpg]
[azzle.netlify.app/blog-details.html]
[azzle.netlify.app/assets/img/th-1/team-member-img-7.jpg]
[azzle.netlify.app/assets/img/th-1/team-member-img-8.jpg]
[azzle.netlify.app/teams.html]
[azzle.netlify.app/team-details.html]
[azzle.netlify.app/faq.html]
[azzle.netlify.app/faq-2.html]
[azzle.netlify.app/assets/img/th-1/portfolio-img-1.jpg]
[azzle.netlify.app/assets/img/th-1/portfolio-img-2.jpg]
[azzle.netlify.app/assets/img/th-1/portfolio-img-3.jpg]
[azzle.netlify.app/assets/img/th-1/portfolio-img-4.jpg]
[azzle.netlify.app/assets/img/th-1/portfolio-img-5.jpg]
[azzle.netlify.app/assets/img/th-1/portfolio-img-6.jpg]
[azzle.netlify.app/portfolio.html]
[azzle.netlify.app/assets/img/th-1/portfolio-main-img.jpg]
[azzle.netlify.app/assets/img/th-1/content-image-5.jpg]
[azzle.netlify.app/assets/img/th-1/content-image-6.jpg]
[azzle.netlify.app/portfolio-details.html]
[azzle.netlify.app/assets/img/th-1/icon-black-badge-check.svg]
[azzle.netlify.app/assets/img/th-1/icon-orange-badge-check.svg]
[azzle.netlify.app/pricing.html]
[azzle.netlify.app/error-404.html]
[azzle.netlify.app/assets/img/th-1/flat-color-icons-google.svg]
[azzle.netlify.app/login.html]
[azzle.netlify.app/signup.html]
[azzle.netlify.app/reset-password.html]
[azzle.netlify.app/assets/img/th-1/mapbase.svg]
[azzle.netlify.app/contact.html]
[azzle.netlify.app/assets/img/th-1/service-icon-black-1.svg]
[azzle.netlify.app/assets/img/th-1/service-icon-orange-1.svg]
[azzle.netlify.app/assets/img/th-1/arrow-right-black.svg]
[azzle.netlify.app/assets/img/th-1/arrow-right-orange.svg]
[azzle.netlify.app/assets/img/th-1/service-icon-black-2.svg]
[azzle.netlify.app/assets/img/th-1/service-icon-orange-2.svg]
[azzle.netlify.app/assets/img/th-1/service-icon-black-3.svg]
[azzle.netlify.app/assets/img/th-1/service-icon-orange-3.svg]
[azzle.netlify.app/assets/img/th-1/service-icon-black-4.svg]
[azzle.netlify.app/assets/img/th-1/service-icon-orange-4.svg]
[azzle.netlify.app/assets/img/th-1/check-circle.svg]
[azzle.netlify.app/assets/img/plus.svg]
[azzle.netlify.app/assets/img/th-1/rating.svg]
[azzle.netlify.app/assets/img/th-1/footer-text-slider-icon.svg]
[azzle.netlify.app/assets/img/th-1/arrow-right-large.svg]
[azzle.netlify.app/assets/img/th-2/arc-bottom-shape-1.svg]
[azzle.netlify.app/assets/img/th-2/arc-top-shape-1.svg]
[azzle.netlify.app/assets/img/cheveron-right.svg]
[azzle.netlify.app/assets/img/th-1/icon-white-checkmark-filled.svg]
[azzle.netlify.app/assets/img/th-2/icon-white-long-arrow-right.svg]
[azzle.netlify.app/assets/img/th-2/icon-feature-1.svg]
[azzle.netlify.app/assets/img/th-2/icon-feature-2.svg]
[azzle.netlify.app/assets/img/th-2/icon-feature-3.svg]
[azzle.netlify.app/img/th-2/content-shape.html]
[azzle.netlify.app/assets/img/th-2/icon-flat-color-discord.svg]
[azzle.netlify.app/assets/img/th-2/icon-flat-color-github.svg]
[azzle.netlify.app/assets/img/th-2/icon-flat-color-mailchamp.svg]
[azzle.netlify.app/assets/img/th-2/icon-flat-color-messenger.svg]
[azzle.netlify.app/assets/img/th-2/icon-flat-color-skype.svg]
[azzle.netlify.app/assets/img/th-2/icon-flat-color-slack.svg]
[azzle.netlify.app/assets/img/th-2/icon-flat-color-snapchat.svg]
[azzle.netlify.app/assets/img/th-2/icon-flat-color-whatsapp.svg]
[azzle.netlify.app/assets/img/th-2/icon-flat-color-zendesk.svg]
[azzle.netlify.app/assets/img/th-2/icon-black-long-arrow-left.svg]
[azzle.netlify.app/assets/img/th-2/icon-white-long-arrow-left.svg]
[azzle.netlify.app/assets/img/th-2/icon-black-long-arrow-right.svg]
[azzle.netlify.app/assets/img/th-2/icon-blue-long-arrow-right.svg]
[azzle.netlify.app/assets/img/plus-white.svg]
[azzle.netlify.app/assets/img/th-1/facebook-icon-white.svg]
[azzle.netlify.app/assets/img/th-1/twitter-icon-white.svg]
[azzle.netlify.app/assets/img/th-1/instagram-icon-white.svg]
[azzle.netlify.app/assets/img/th-1/linkedin-icon-white.svg]
[azzle.netlify.app/assets/img/th-3/icon-black-promo-1.svg]
[azzle.netlify.app/assets/img/th-3/icon-black-promo-2.svg]
[azzle.netlify.app/assets/img/th-3/icon-black-promo-3.svg]
[azzle.netlify.app/assets/img/th-3/icon-black-work-process-1.svg]
[azzle.netlify.app/assets/img/th-3/icon-white-arrow-right.svg]
[azzle.netlify.app/assets/img/th-3/icon-black-work-process-2.svg]
[azzle.netlify.app/assets/img/th-3/icon-black-work-process-3.svg]
[azzle.netlify.app/assets/img/th-3/icon-black-work-process-4.svg]
[azzle.netlify.app/assets/img/th-3/icon-black-work-process-5.svg]
[azzle.netlify.app/assets/img/th-1/facebook-icon-black.svg]
[azzle.netlify.app/assets/img/th-1/twitter-icon-black.svg]
[azzle.netlify.app/assets/img/th-1/linkedin-icon-black.svg]
[azzle.netlify.app/assets/img/th-1/instagram-icon-black.svg]
[azzle.netlify.app/assets/img/th-3/review-star.svg]
[azzle.netlify.app/assets/img/th-4/icon-green-badge-check.svg]
[azzle.netlify.app/assets/img/th-4/icon-green-promo-1.svg]
[azzle.netlify.app/assets/img/th-4/icon-green-promo-2.svg]
[azzle.netlify.app/assets/img/th-4/icon-green-promo-3.svg]
[azzle.netlify.app/assets/img/th-4/icon-green-service-1.svg]
[azzle.netlify.app/assets/img/th-4/icon-white-arrow-right.svg]
[azzle.netlify.app/assets/img/th-4/icon-green-arrow-right.svg]
[azzle.netlify.app/assets/img/th-4/icon-green-service-2.svg]
[azzle.netlify.app/assets/img/th-4/icon-green-service-3.svg]
[azzle.netlify.app/assets/img/th-4/icon-green-service-4.svg]
[azzle.netlify.app/assets/img/th-4/icon-green-service-5.svg]
[azzle.netlify.app/assets/img/th-4/icon-green-service-6.svg]
[azzle.netlify.app/assets/img/th-4/icon-green-process-accordion-1.svg]
[azzle.netlify.app/assets/img/th-4/icon-white-cheveron-down.svg]
[azzle.netlify.app/assets/img/th-4/icon-green-cheveron-up.svg]
[azzle.netlify.app/assets/img/th-4/icon-green-process-accordion-2.svg]
[azzle.netlify.app/assets/img/th-4/icon-green-process-accordion-3.svg]
[azzle.netlify.app/assets/img/th-4/icon-green-rating.svg]
[azzle.netlify.app/assets/img/th-1/core-value-icon-1.svg]
[azzle.netlify.app/assets/img/th-1/core-value-icon-2.svg]
[azzle.netlify.app/assets/img/th-1/core-value-icon-3.svg]
[azzle.netlify.app/assets/img/th-1/core-value-icon-4.svg]
[azzle.netlify.app/assets/img/th-1/service-icon-black-5.svg]
[azzle.netlify.app/assets/img/th-1/service-icon-orange-5.svg]
[azzle.netlify.app/assets/img/th-1/service-icon-black-6.svg]
[azzle.netlify.app/assets/img/th-1/service-icon-orange-6.svg]
[azzle.netlify.app/assets/img/th-1/service-icon-black-7.svg]
[azzle.netlify.app/assets/img/th-1/service-icon-orange-7.svg]
[azzle.netlify.app/assets/img/th-1/service-icon-black-8.svg]
[azzle.netlify.app/assets/img/th-1/service-icon-orange-8.svg]
[azzle.netlify.app/assets/img/th-1/trending-up-icon.svg]
[azzle.netlify.app/assets/img/th-1/cog-icon.svg]
[azzle.netlify.app/assets/img/th-1/icon-orange-clock.svg]
[azzle.netlify.app/assets/img/th-1/icon-orange-cursor-click.svg]
[azzle.netlify.app/assets/img/th-1/icon-black-cheveron-left.svg]
[azzle.netlify.app/assets/img/th-1/icon-white-cheveron-left.svg]
[azzle.netlify.app/assets/img/th-1/icon-black-cheveron-right.svg]
[azzle.netlify.app/assets/img/th-1/icon-white-cheveron-right.svg]
[azzle.netlify.app/assets/img/th-1/icon-black-search.svg]
[azzle.netlify.app/assets/img/th-1/icon-black-calendar.svg]
[azzle.netlify.app/assets/img/th-1/icon-black-outline-thumb-up.svg]
[azzle.netlify.app/assets/img/th-1/icon-black-outline-chat-alt.svg]
[azzle.netlify.app/assets/img/th-1/icon-black-outline-share.svg]
[azzle.netlify.app/assets/img/th-1/icon-black-outline-inbox-in.svg]
[azzle.netlify.app/assets/img/th-1/icon-black-long-arrow-right.svg]
[azzle.netlify.app/assets/img/th-1/icon-black-badge-check.svg]
[azzle.netlify.app/assets/img/th-1/icon-orange-badge-check.svg]
[azzle.netlify.app/assets/img/th-1/flat-color-icons-google.svg]
[azzle.netlify.app/assets/img/th-1/flat-color-icon-facebook.svg]
[azzle.netlify.app/assets/img/th-1/mapbase.svg]
[azzle.netlify.app/assets/img/th-1/icon-gray-location-marker.svg]
[azzle.netlify.app/assets/img/th-1/icon-orange-location-marker.svg]
[azzle.netlify.app/assets/img/th-1/icon-black-location-marker.svg]
